../Src/main.c:116:5:main	8	static
../Src/main.c:134:6:delay_ms	24	static
../Src/main.c:150:10:CalculatorTime	24	static
../Src/main.c:167:13:AppCommon	16	static
../Src/main.c:190:13:SPI1_Init	16	static
../Src/main.c:218:13:I2C_Init_temphumi	32	static
../Src/main.c:257:6:I2C_start	8	static
../Src/main.c:277:6:I2C_address_direction	16	static
../Src/main.c:300:6:I2C_transmit	16	static
../Src/main.c:316:6:I2C_stop	8	static
../Src/main.c:328:9:I2C_receive_nack	8	static
../Src/main.c:347:9:I2C_receive_ack	8	static
../Src/main.c:365:13:TemHumSensor_readRegister	40	static
../Src/main.c:412:10:GetTemp_Sensor	32	static
../Src/main.c:434:10:GetHumi_Sensor	32	static
../Src/main.c:458:6:processGetValueSensor	16	static
../Src/main.c:513:6:Scan_SensorLCD	16	static
../Src/main.c:530:6:Scan_TimeSensor	24	static
